// Jest Snapshot v1, https://goo.gl/fbAQLP

exports[`PokemonHomePage Component should match snapshot when data is loaded 1`] = `
<div>
  <h1>Recognize the Pokemon</h1>
  <pokemon-img-stub imgid="1" showpokemon="false"></pokemon-img-stub>
  <answers-list-stub pokemons="[object Object],[object Object],[object Object],[object Object]"></answers-list-stub>
  <!--v-if-->
</div>
`;

exports[`PokemonHomePage Component should match with snapshot 1`] = `
<div>
  <h1>Wait a moment please...</h1>
</div>
`;
