// Jest Snapshot v1, https://goo.gl/fbAQLP

exports[`PokemonImg.vue should match with snapshot 1`] = `<div class="pokemon-container"><img src="https://raw.githubusercontent.com/PokeAPI/sprites/master/sprites/pokemon/other/dream-world/1.svg" class="fade-in" alt="Pokemon Image"></div>`;
